// Jest Snapshot v1, https://jestjs.io/docs/snapshot-testing

exports[`utils safeJsonStringify 1`] = `"{"one":"one","two":{"three":3}}"`;

exports[`utils safeJsonStringify 2`] = `"null"`;

exports[`utils safeJsonStringify 3`] = `""i am string""`;

exports[`utils safeJsonStringify circular 1`] = `"{"one":"one","two":{"three":3},"four":"[CIRCULAR]"}"`;
